This is pdfTeX, Version 3.141592653-2.6-1.40.29 (TeX Live 2026) (preloaded format=pdflatex 2026.5.16)  16 JUL 2026 12:21
entering extended mode
 restricted \write18 enabled.
 file:line:error style messages enabled.
 %&-line parsing enabled.
**tgrs_tpsscs_withfig_20260716.tex
(./tgrs_tpsscs_withfig_20260716.tex
LaTeX2e <2025-11-01>
L3 programming layer <2026-01-19>
(d:/Program Files/texlive/2026/texmf-dist/tex/latex/ieeetran/IEEEtran.cls
Document Class: IEEEtran 2015/08/26 V1.8b by Michael Shell
-- See the "IEEEtran_HOWTO" manual for usage information.
-- http://www.michaelshell.org/tex/ieeetran/
\@IEEEtrantmpdimenA=\dimen148
\@IEEEtrantmpdimenB=\dimen149
\@IEEEtrantmpdimenC=\dimen150
\@IEEEtrantmpcountA=\count275
\@IEEEtrantmpcountB=\count276
\@IEEEtrantmpcountC=\count277
\@IEEEtrantmptoksA=\toks17
LaTeX Font Info:    Trying to load font information for OT1+ptm on input line 5
03.
(d:/Program Files/texlive/2026/texmf-dist/tex/latex/psnfss/ot1ptm.fd
File: ot1ptm.fd 2001/06/04 font definitions for OT1/ptm.
)
-- Using 8.5in x 11in (letter) paper.
-- Using PDF output.
\@IEEEnormalsizeunitybaselineskip=\dimen151
-- This is a 10 point document.
LaTeX Encoding Info:    Redeclaring text command \textunderscore (encoding ?) o
n input line 937.
\CLASSINFOnormalsizebaselineskip=\dimen152
\CLASSINFOnormalsizeunitybaselineskip=\dimen153
\IEEEnormaljot=\dimen154
LaTeX Font Info:    Font shape `OT1/ptm/bx/n' in size <5> not available
(Font)              Font shape `OT1/ptm/b/n' tried instead on input line 1090.
LaTeX Font Info:    Font shape `OT1/ptm/bx/it' in size <5> not available
(Font)              Font shape `OT1/ptm/b/it' tried instead on input line 1090.

LaTeX Font Info:    Font shape `OT1/ptm/bx/n' in size <7> not available
(Font)              Font shape `OT1/ptm/b/n' tried instead on input line 1090.
LaTeX Font Info:    Font shape `OT1/ptm/bx/it' in size <7> not available
(Font)              Font shape `OT1/ptm/b/it' tried instead on input line 1090.

LaTeX Font Info:    Font shape `OT1/ptm/bx/n' in size <8> not available
(Font)              Font shape `OT1/ptm/b/n' tried instead on input line 1090.
LaTeX Font Info:    Font shape `OT1/ptm/bx/it' in size <8> not available
(Font)              Font shape `OT1/ptm/b/it' tried instead on input line 1090.

LaTeX Font Info:    Font shape `OT1/ptm/bx/n' in size <9> not available
(Font)              Font shape `OT1/ptm/b/n' tried instead on input line 1090.
LaTeX Font Info:    Font shape `OT1/ptm/bx/it' in size <9> not available
(Font)              Font shape `OT1/ptm/b/it' tried instead on input line 1090.

LaTeX Font Info:    Font shape `OT1/ptm/bx/n' in size <10> not available
(Font)              Font shape `OT1/ptm/b/n' tried instead on input line 1090.
LaTeX Font Info:    Font shape `OT1/ptm/bx/it' in size <10> not available
(Font)              Font shape `OT1/ptm/b/it' tried instead on input line 1090.

LaTeX Font Info:    Font shape `OT1/ptm/bx/n' in size <11> not available
(Font)              Font shape `OT1/ptm/b/n' tried instead on input line 1090.
LaTeX Font Info:    Font shape `OT1/ptm/bx/it' in size <11> not available
(Font)              Font shape `OT1/ptm/b/it' tried instead on input line 1090.

LaTeX Font Info:    Font shape `OT1/ptm/bx/n' in size <12> not available
(Font)              Font shape `OT1/ptm/b/n' tried instead on input line 1090.
LaTeX Font Info:    Font shape `OT1/ptm/bx/it' in size <12> not available
(Font)              Font shape `OT1/ptm/b/it' tried instead on input line 1090.

LaTeX Font Info:    Font shape `OT1/ptm/bx/n' in size <17> not available
(Font)              Font shape `OT1/ptm/b/n' tried instead on input line 1090.
LaTeX Font Info:    Font shape `OT1/ptm/bx/it' in size <17> not available
(Font)              Font shape `OT1/ptm/b/it' tried instead on input line 1090.

LaTeX Font Info:    Font shape `OT1/ptm/bx/n' in size <20> not available
(Font)              Font shape `OT1/ptm/b/n' tried instead on input line 1090.
LaTeX Font Info:    Font shape `OT1/ptm/bx/it' in size <20> not available
(Font)              Font shape `OT1/ptm/b/it' tried instead on input line 1090.

LaTeX Font Info:    Font shape `OT1/ptm/bx/n' in size <24> not available
(Font)              Font shape `OT1/ptm/b/n' tried instead on input line 1090.
LaTeX Font Info:    Font shape `OT1/ptm/bx/it' in size <24> not available
(Font)              Font shape `OT1/ptm/b/it' tried instead on input line 1090.

\IEEEquantizedlength=\dimen155
\IEEEquantizedlengthdiff=\dimen156
\IEEEquantizedtextheightdiff=\dimen157
\IEEEilabelindentA=\dimen158
\IEEEilabelindentB=\dimen159
\IEEEilabelindent=\dimen160
\IEEEelabelindent=\dimen161
\IEEEdlabelindent=\dimen162
\IEEElabelindent=\dimen163
\IEEEiednormlabelsep=\dimen164
\IEEEiedmathlabelsep=\dimen165
\IEEEiedtopsep=\skip49
\c@section=\count278
\c@subsection=\count279
\c@subsubsection=\count280
\c@paragraph=\count281
\c@IEEEsubequation=\count282
\abovecaptionskip=\skip50
\belowcaptionskip=\skip51
\c@figure=\count283
\c@table=\count284
\@IEEEeqnnumcols=\count285
\@IEEEeqncolcnt=\count286
\@IEEEsubeqnnumrollback=\count287
\@IEEEquantizeheightA=\dimen166
\@IEEEquantizeheightB=\dimen167
\@IEEEquantizeheightC=\dimen168
\@IEEEquantizeprevdepth=\dimen169
\@IEEEquantizemultiple=\count288
\@IEEEquantizeboxA=\box53
\@IEEEtmpitemindent=\dimen170
\IEEEPARstartletwidth=\dimen171
\c@IEEEbiography=\count289
\@IEEEtranrubishbin=\box54
) (d:/Program Files/texlive/2026/texmf-dist/tex/latex/amsmath/amsmath.sty
Package: amsmath 2025/07/09 v2.17z AMS math features
\@mathmargin=\skip52

For additional information on amsmath, use the `?' option.
(d:/Program Files/texlive/2026/texmf-dist/tex/latex/amsmath/amstext.sty
Package: amstext 2024/11/17 v2.01 AMS text

(d:/Program Files/texlive/2026/texmf-dist/tex/latex/amsmath/amsgen.sty
File: amsgen.sty 1999/11/30 v2.0 generic functions
\@emptytoks=\toks18
\ex@=\dimen172
))
(d:/Program Files/texlive/2026/texmf-dist/tex/latex/amsmath/amsbsy.sty
Package: amsbsy 1999/11/29 v1.2d Bold Symbols
\pmbraise@=\dimen173
)
(d:/Program Files/texlive/2026/texmf-dist/tex/latex/amsmath/amsopn.sty
Package: amsopn 2022/04/08 v2.04 operator names
)
\inf@bad=\count290
LaTeX Info: Redefining \frac on input line 233.
\uproot@=\count291
\leftroot@=\count292
LaTeX Info: Redefining \overline on input line 398.
LaTeX Info: Redefining \colon on input line 409.
\classnum@=\count293
\DOTSCASE@=\count294
LaTeX Info: Redefining \ldots on input line 495.
LaTeX Info: Redefining \dots on input line 498.
LaTeX Info: Redefining \cdots on input line 619.
\Mathstrutbox@=\box55
\strutbox@=\box56
LaTeX Info: Redefining \big on input line 721.
LaTeX Info: Redefining \Big on input line 722.
LaTeX Info: Redefining \bigg on input line 723.
LaTeX Info: Redefining \Bigg on input line 724.
\big@size=\dimen174
LaTeX Font Info:    Redeclaring font encoding OML on input line 742.
LaTeX Font Info:    Redeclaring font encoding OMS on input line 743.
\macc@depth=\count295
LaTeX Info: Redefining \bmod on input line 904.
LaTeX Info: Redefining \pmod on input line 909.
LaTeX Info: Redefining \smash on input line 939.
LaTeX Info: Redefining \relbar on input line 969.
LaTeX Info: Redefining \Relbar on input line 970.
\c@MaxMatrixCols=\count296
\dotsspace@=\muskip17
\c@parentequation=\count297
\dspbrk@lvl=\count298
\tag@help=\toks19
\row@=\count299
\column@=\count300
\maxfields@=\count301
\andhelp@=\toks20
\eqnshift@=\dimen175
\alignsep@=\dimen176
\tagshift@=\dimen177
\tagwidth@=\dimen178
\totwidth@=\dimen179
\lineht@=\dimen180
\@envbody=\toks21
\multlinegap=\skip53
\multlinetaggap=\skip54
\mathdisplay@stack=\toks22
LaTeX Info: Redefining \[ on input line 2950.
LaTeX Info: Redefining \] on input line 2951.
)
(d:/Program Files/texlive/2026/texmf-dist/tex/latex/amsfonts/amssymb.sty
Package: amssymb 2013/01/14 v3.01 AMS font symbols

(d:/Program Files/texlive/2026/texmf-dist/tex/latex/amsfonts/amsfonts.sty
Package: amsfonts 2013/01/14 v3.01 Basic AMSFonts support
\symAMSa=\mathgroup4
\symAMSb=\mathgroup5
LaTeX Font Info:    Redeclaring math symbol \hbar on input line 98.
LaTeX Font Info:    Overwriting math alphabet `\mathfrak' in version `bold'
(Font)                  U/euf/m/n --> U/euf/b/n on input line 106.
))
(d:/Program Files/texlive/2026/texmf-dist/tex/latex/booktabs/booktabs.sty
Package: booktabs 2020/01/12 v1.61803398 Publication quality tables
\heavyrulewidth=\dimen181
\lightrulewidth=\dimen182
\cmidrulewidth=\dimen183
\belowrulesep=\dimen184
\belowbottomsep=\dimen185
\aboverulesep=\dimen186
\abovetopsep=\dimen187
\cmidrulesep=\dimen188
\cmidrulekern=\dimen189
\defaultaddspace=\dimen190
\@cmidla=\count302
\@cmidlb=\count303
\@aboverulesep=\dimen191
\@belowrulesep=\dimen192
\@thisruleclass=\count304
\@lastruleclass=\count305
\@thisrulewidth=\dimen193
)
(d:/Program Files/texlive/2026/texmf-dist/tex/latex/tools/bm.sty
Package: bm 2025/10/21 v1.2g Bold Symbol Support (DPC/FMi)
\symboldoperators=\mathgroup6
\symboldletters=\mathgroup7
\symboldsymbols=\mathgroup8
Package bm Info: No bold for \OMX/cmex/m/n, using \pmb.
Package bm Info: No bold for \U/msa/m/n, using \pmb.
Package bm Info: No bold for \U/msb/m/n, using \pmb.
LaTeX Font Info:    Redeclaring math alphabet \mathbf on input line 149.
)
(d:/Program Files/texlive/2026/texmf-dist/tex/latex/cite/cite.sty
LaTeX Info: Redefining \cite on input line 302.
LaTeX Info: Redefining \nocite on input line 332.
Package: cite 2015/02/27  v 5.5
)
(d:/Program Files/texlive/2026/texmf-dist/tex/latex/sttools/cuted.sty
Package: cuted 2025/12/15 v2.10 Mixing onecolumn and twocolumn modes (ST)
\At@ViperColsBreak=\toks23
\preCutedStrip=\toks24
\postCutedStrip=\toks25
\cuted@@tempbox@a=\box57
\cuted@@tempbox@c=\box58
\cuted@@tempbox@var=\box59
\hold@viper=\box60
\@viper=\box61
\cuted@@varbox@a=\box62
\cuted@@varbox@c=\box63
\cuted@@tempdim@spread=\dimen194
\cuted@@tempdim@a=\dimen195
\cuted@@tempdim@b=\dimen196
\ht@hold@viper=\dimen197
\ht@viper=\dimen198
\var@@pagediscards@ht=\dimen199
\stripsep=\skip55
\viper@penalty=\count306
\strip@page@discards=\dimen256
)
(d:/Program Files/texlive/2026/texmf-dist/tex/latex/graphics/graphicx.sty
Package: graphicx 2024/12/31 v1.2e Enhanced LaTeX Graphics (DPC,SPQR)

(d:/Program Files/texlive/2026/texmf-dist/tex/latex/graphics/keyval.sty
Package: keyval 2022/05/29 v1.15 key=value parser (DPC)
\KV@toks@=\toks26
)
(d:/Program Files/texlive/2026/texmf-dist/tex/latex/graphics/graphics.sty
Package: graphics 2024/08/06 v1.4g Standard LaTeX Graphics (DPC,SPQR)

(d:/Program Files/texlive/2026/texmf-dist/tex/latex/graphics/trig.sty
Package: trig 2023/12/02 v1.11 sin cos tan (DPC)
)
(d:/Program Files/texlive/2026/texmf-dist/tex/latex/graphics-cfg/graphics.cfg
File: graphics.cfg 2016/06/04 v1.11 sample graphics configuration
)
Package graphics Info: Driver file: pdftex.def on input line 106.

(d:/Program Files/texlive/2026/texmf-dist/tex/latex/graphics-def/pdftex.def
File: pdftex.def 2025/09/29 v1.2d Graphics/color driver for pdftex
))
\Gin@req@height=\dimen257
\Gin@req@width=\dimen258
)
(d:/Program Files/texlive/2026/texmf-dist/tex/latex/url/url.sty
\Urlmuskip=\muskip18
Package: url 2013/09/16  ver 3.4  Verb mode for urls, etc.
)
(d:/Program Files/texlive/2026/texmf-dist/tex/latex/l3backend/l3backend-pdftex.
def
File: l3backend-pdftex.def 2025-10-09 L3 backend support: PDF output (pdfTeX)
\l__color_backend_stack_int=\count307
) (./tgrs_tpsscs_withfig_20260716.aux)
\openout1 = `tgrs_tpsscs_withfig_20260716.aux'.

LaTeX Font Info:    Checking defaults for OML/cmm/m/it on input line 52.
LaTeX Font Info:    ... okay on input line 52.
LaTeX Font Info:    Checking defaults for OMS/cmsy/m/n on input line 52.
LaTeX Font Info:    ... okay on input line 52.
LaTeX Font Info:    Checking defaults for OT1/cmr/m/n on input line 52.
LaTeX Font Info:    ... okay on input line 52.
LaTeX Font Info:    Checking defaults for T1/cmr/m/n on input line 52.
LaTeX Font Info:    ... okay on input line 52.
LaTeX Font Info:    Checking defaults for TS1/cmr/m/n on input line 52.
LaTeX Font Info:    ... okay on input line 52.
LaTeX Font Info:    Checking defaults for OMX/cmex/m/n on input line 52.
LaTeX Font Info:    ... okay on input line 52.
LaTeX Font Info:    Checking defaults for U/cmr/m/n on input line 52.
LaTeX Font Info:    ... okay on input line 52.

-- Lines per column: 58 (exact).
(d:/Program Files/texlive/2026/texmf-dist/tex/context/base/mkii/supp-pdf.mkii
[Loading MPS to PDF converter (version 2006.09.02).]
\scratchcounter=\count308
\scratchdimen=\dimen259
\scratchbox=\box64
\nofMPsegments=\count309
\nofMParguments=\count310
\everyMPshowfont=\toks27
\MPscratchCnt=\count311
\MPscratchDim=\dimen260
\MPnumerator=\count312
\makeMPintoPDFobject=\count313
\everyMPtoPDFconversion=\toks28
)
(d:/Program Files/texlive/2026/texmf-dist/tex/latex/epstopdf-pkg/epstopdf-base.
sty
Package: epstopdf-base 2020-01-24 v2.11 Base part for package epstopdf
Package epstopdf-base Info: Redefining graphics rule for `.eps' on input line 4
85.

(d:/Program Files/texlive/2026/texmf-dist/tex/latex/latexconfig/epstopdf-sys.cf
g
File: epstopdf-sys.cfg 2010/07/13 v1.3 Configuration of (r)epstopdf for TeX Liv
e
))
LaTeX Font Info:    Trying to load font information for U+msa on input line 68.

 (d:/Program Files/texlive/2026/texmf-dist/tex/latex/amsfonts/umsa.fd
File: umsa.fd 2013/01/14 v3.01 AMS symbols A
)
LaTeX Font Info:    Trying to load font information for U+msb on input line 68.


(d:/Program Files/texlive/2026/texmf-dist/tex/latex/amsfonts/umsb.fd
File: umsb.fd 2013/01/14 v3.01 AMS symbols B
)
<../figures/submitted/figure1_paradigm_shift.png, id=1, 1496.59125pt x 1058.956
25pt>
File: ../figures/submitted/figure1_paradigm_shift.png Graphic file (type png)
<use ../figures/submitted/figure1_paradigm_shift.png>
Package pdftex.def Info: ../figures/submitted/figure1_paradigm_shift.png  used 
on input line 89.
(pdftex.def)             Requested size: 454.08252pt x 321.29263pt.

Underfull \hbox (badness 3557) in paragraph at lines 96--97
[]\OT1/ptm/m/n/10 The con-tri-bu-tions are four-fold. First, we pro-vide a
 []

[1{d:/Program Files/texlive/2026/texmf-var/fonts/map/pdftex/updmap/pdftex.map}{
d:/Program Files/texlive/2026/texmf-dist/fonts/enc/dvips/base/8r.enc}


]
Underfull \vbox (badness 5119) has occurred while \output is active []

 [2 <../figures/submitted/figure1_paradigm_shift.png (PNG copy)>] [3]
LaTeX Font Info:    Trying to load font information for OT1+pcr on input line 1
51.

(d:/Program Files/texlive/2026/texmf-dist/tex/latex/psnfss/ot1pcr.fd
File: ot1pcr.fd 2001/06/04 font definitions for OT1/pcr.
)
<../figures/submitted/figure3_tpsscs_architecture.png, id=29, 1496.59125pt x 10
58.95625pt>
File: ../figures/submitted/figure3_tpsscs_architecture.png Graphic file (type p
ng)
<use ../figures/submitted/figure3_tpsscs_architecture.png>
Package pdftex.def Info: ../figures/submitted/figure3_tpsscs_architecture.png  
used on input line 174.
(pdftex.def)             Requested size: 454.08252pt x 321.29263pt.

Underfull \hbox (badness 1946) in paragraph at lines 183--184
[]\OT1/ptm/m/n/10 The raw fea-ture is the dataset-specific mag-ni-tude or
 []


Underfull \hbox (badness 1371) in paragraph at lines 183--184
\OT1/ptm/m/n/10 in-ten-sity score, and the resid-ual fea-ture is ob-tained by
 []

[4] [5 <../figures/submitted/figure3_tpsscs_architecture.png (PNG copy)>]
Underfull \hbox (badness 3323) in paragraph at lines 233--234
[]\OT1/ptm/m/n/10 Three score fam-i-lies are com-pared un-der the same
 []


Underfull \hbox (badness 8170) in paragraph at lines 233--234
\OT1/ptm/m/n/10 false-alarm cal-i-bra-tion: raw maps, rank-matched low-
 []


Underfull \hbox (badness 7168) in paragraph at lines 233--234
\OT1/ptm/m/n/10 rank resid-u-als, and TP-SSCS or its protocol-specific
 []


Underfull \hbox (badness 2189) in paragraph at lines 233--234
\OT1/ptm/m/n/10 adap-ta-tion. The AISTAP-SIM low-rank com-para-tor uses
 []


Underfull \hbox (badness 1430) in paragraph at lines 235--236
[]\OT1/ptm/m/n/10 The low-rank com-para-tor is de-lib-er-ately strong rather
 []

[6]
<../figures/submitted/figure7_official_full_asset_validation_20260716.pdf, id=4
0, 482.02333pt x 349.47984pt>
File: ../figures/submitted/figure7_official_full_asset_validation_20260716.pdf 
Graphic file (type pdf)
<use ../figures/submitted/figure7_official_full_asset_validation_20260716.pdf>
Package pdftex.def Info: ../figures/submitted/figure7_official_full_asset_valid
ation_20260716.pdf  used on input line 321.
(pdftex.def)             Requested size: 350.87622pt x 254.4036pt.
 [7]
Underfull \vbox (badness 10000) has occurred while \output is active []


Underfull \vbox (badness 10000) has occurred while \output is active []

 [8 <../figures/submitted/figure7_official_full_asset_validation_20260716.pdf>]

Underfull \hbox (badness 2617) in paragraph at lines 361--361
[]\OT1/ptm/m/n/7 Saved AISTAP-SIM de-tec-tor vs. raw
 []

<../figures/submitted/figure8_external_radar_validation_20260716.pdf, id=76, 44
6.93913pt x 336.36678pt>
File: ../figures/submitted/figure8_external_radar_validation_20260716.pdf Graph
ic file (type pdf)
<use ../figures/submitted/figure8_external_radar_validation_20260716.pdf>
Package pdftex.def Info: ../figures/submitted/figure8_external_radar_validation
_20260716.pdf  used on input line 372.
(pdftex.def)             Requested size: 361.19843pt x 271.83455pt.
[9]
Underfull \vbox (badness 10000) has occurred while \output is active []


Underfull \vbox (badness 10000) has occurred while \output is active []

 [10 <../figures/submitted/figure8_external_radar_validation_20260716.pdf>]
Underfull \hbox (badness 1515) in paragraph at lines 428--429
[]\OT1/ptm/m/n/8 W. L. Melvin, ``A STAP overview,'' \OT1/ptm/m/it/8 IEEE Aerosp
ace and Elec-
 []


Underfull \hbox (badness 4832) in paragraph at lines 434--435
[]\OT1/ptm/m/n/8 H. Rohling, ``Radar CFAR thresh-old-ing in clut-ter and mul-ti
-
 []

[11]
Underfull \hbox (badness 1622) in paragraph at lines 482--483
[]\OT1/ptm/m/n/8 Y. Ma, D. Guan, Y. Deng, W. Yuan, and M. Wei, ``3SD-Net:
 []


Underfull \hbox (badness 1776) in paragraph at lines 482--483
\OT1/ptm/m/it/8 Geo-science and Re-mote Sens-ing\OT1/ptm/m/n/8 , vol. 62, pp. 1
--13, 2024, doi:
 []


Underfull \hbox (badness 2443) in paragraph at lines 518--519
\OT1/ptm/m/it/8 An-nals of Statis-tics\OT1/ptm/m/n/8 , vol. 7, no. 1, pp. 1--26
, Jan. 1979, doi:
 []

[12

] (./tgrs_tpsscs_withfig_20260716.aux)
 ***********
LaTeX2e <2025-11-01>
L3 programming layer <2026-01-19>
 ***********
 ) 
Here is how much of TeX's memory you used:
 3974 strings out of 467525
 64656 string characters out of 5415797
 491341 words of memory out of 5000000
 32821 multiletter control sequences out of 15000+600000
 677763 words of font info for 145 fonts, out of 8000000 for 9000
 1141 hyphenation exceptions out of 8191
 57i,13n,65p,1477b,293s stack positions out of 10000i,1000n,20000p,200000b,200000s
<d:/Program Files/texlive/2026/texmf-dist/fonts/type1/public/amsfonts/cm/cmex
10.pfb><d:/Program Files/texlive/2026/texmf-dist/fonts/type1/public/amsfonts/cm
/cmmi10.pfb><d:/Program Files/texlive/2026/texmf-dist/fonts/type1/public/amsfon
ts/cm/cmmi7.pfb><d:/Program Files/texlive/2026/texmf-dist/fonts/type1/public/am
sfonts/cm/cmmi8.pfb><d:/Program Files/texlive/2026/texmf-dist/fonts/type1/publi
c/amsfonts/cm/cmmi9.pfb><d:/Program Files/texlive/2026/texmf-dist/fonts/type1/p
ublic/amsfonts/cm/cmr10.pfb><d:/Program Files/texlive/2026/texmf-dist/fonts/typ
e1/public/amsfonts/cm/cmr5.pfb><d:/Program Files/texlive/2026/texmf-dist/fonts/
type1/public/amsfonts/cm/cmr6.pfb><d:/Program Files/texlive/2026/texmf-dist/fon
ts/type1/public/amsfonts/cm/cmr7.pfb><d:/Program Files/texlive/2026/texmf-dist/
fonts/type1/public/amsfonts/cm/cmr8.pfb><d:/Program Files/texlive/2026/texmf-di
st/fonts/type1/public/amsfonts/cm/cmr9.pfb><d:/Program Files/texlive/2026/texmf
-dist/fonts/type1/public/amsfonts/cm/cmsy10.pfb><d:/Program Files/texlive/2026/
texmf-dist/fonts/type1/public/amsfonts/cm/cmsy5.pfb><d:/Program Files/texlive/2
026/texmf-dist/fonts/type1/public/amsfonts/cm/cmsy6.pfb><d:/Program Files/texli
ve/2026/texmf-dist/fonts/type1/public/amsfonts/cm/cmsy7.pfb><d:/Program Files/t
exlive/2026/texmf-dist/fonts/type1/public/amsfonts/cm/cmsy8.pfb><d:/Program Fil
es/texlive/2026/texmf-dist/fonts/type1/public/amsfonts/symbols/msbm10.pfb><d:/P
rogram Files/texlive/2026/texmf-dist/fonts/type1/urw/courier/ucrr8a.pfb><d:/Pro
gram Files/texlive/2026/texmf-dist/fonts/type1/urw/times/utmb8a.pfb><d:/Program
 Files/texlive/2026/texmf-dist/fonts/type1/urw/times/utmbi8a.pfb><d:/Program Fi
les/texlive/2026/texmf-dist/fonts/type1/urw/times/utmr8a.pfb><d:/Program Files/
texlive/2026/texmf-dist/fonts/type1/urw/times/utmri8a.pfb>
Output written on tgrs_tpsscs_withfig_20260716.pdf (12 pages, 2599701 bytes).
PDF statistics:
 209 PDF objects out of 1000 (max. 8388607)
 115 compressed objects within 2 object streams
 0 named destinations out of 1000 (max. 500000)
 21 words of extra memory for PDF output out of 10000 (max. 10000000)

